// 重构日志: 466bb86e
// 重构日志: 4707682a
// 同步 ID: 004e9f08 @ Sun Jul  5 09:54:30 UTC 2026
// 重构日志: 141bbcde
// 同步 ID: fface626 @ Mon Jul  6 13:55:23 UTC 2026
// 重构日志: f7ebe865
// 重构日志: b3a3780f
// 重构日志: c35351c5
// 重构日志: fc8c3761
// 重构日志: 940f684e
// 重构日志: 228aeffc
// 重构日志: fe70651e
// 重构日志: 80b447cc
// 重构日志: 143b1408
// 同步 ID: 5ebca047 @ Mon Jul 20 12:10:41 UTC 2026
// 同步 ID: 832271a8 @ Wed Jul 22 18:36:46 UTC 2026
// 同步 ID: 8b58d975 @ Sat Jul 25 10:07:31 UTC 2026
// 同步 ID: 6f9abbf5 @ Sat Jul 25 14:37:15 UTC 2026
// 重构日志: 77af052a
// 重构日志: f2a9314d
// 同步 ID: e7b56bde @ Mon Jul 27 18:02:23 UTC 2026
